Archive member included to satisfy reference by file (symbol)

c:/mounriver/mrs_community/toolchain/risc-v embedded gcc/bin/../lib/gcc/riscv-none-embed/8.2.0/rv32imac/ilp32\libgcc.a(save-restore.o)
                              ./User/UART/UART.o (__riscv_save_5)
c:/mounriver/mrs_community/toolchain/risc-v embedded gcc/bin/../lib/gcc/riscv-none-embed/8.2.0/../../../../riscv-none-embed/lib/rv32imac/ilp32\libg_nano.a(lib_a-memcpy.o)
                              ./User/USB_Device/ch32v30x_usbhs_device.o (memcpy)
c:/mounriver/mrs_community/toolchain/risc-v embedded gcc/bin/../lib/gcc/riscv-none-embed/8.2.0/../../../../riscv-none-embed/lib/rv32imac/ilp32\libg_nano.a(lib_a-memset.o)
                              ./User/UART/UART.o (memset)
c:/mounriver/mrs_community/toolchain/risc-v embedded gcc/bin/../lib/gcc/riscv-none-embed/8.2.0/../../../../riscv-none-embed/lib/rv32imac/ilp32\libg_nano.a(lib_a-printf.o)
                              ./User/UART/UART.o (printf)
c:/mounriver/mrs_community/toolchain/risc-v embedded gcc/bin/../lib/gcc/riscv-none-embed/8.2.0/../../../../riscv-none-embed/lib/rv32imac/ilp32\libg_nano.a(lib_a-puts.o)
                              ./User/ch32v30x_it.o (puts)
c:/mounriver/mrs_community/toolchain/risc-v embedded gcc/bin/../lib/gcc/riscv-none-embed/8.2.0/../../../../riscv-none-embed/lib/rv32imac/ilp32\libg_nano.a(lib_a-wbuf.o)
                              c:/mounriver/mrs_community/toolchain/risc-v embedded gcc/bin/../lib/gcc/riscv-none-embed/8.2.0/../../../../riscv-none-embed/lib/rv32imac/ilp32\libg_nano.a(lib_a-puts.o) (__swbuf_r)
c:/mounriver/mrs_community/toolchain/risc-v embedded gcc/bin/../lib/gcc/riscv-none-embed/8.2.0/../../../../riscv-none-embed/lib/rv32imac/ilp32\libg_nano.a(lib_a-wsetup.o)
                              c:/mounriver/mrs_community/toolchain/risc-v embedded gcc/bin/../lib/gcc/riscv-none-embed/8.2.0/../../../../riscv-none-embed/lib/rv32imac/ilp32\libg_nano.a(lib_a-puts.o) (__swsetup_r)
c:/mounriver/mrs_community/toolchain/risc-v embedded gcc/bin/../lib/gcc/riscv-none-embed/8.2.0/../../../../riscv-none-embed/lib/rv32imac/ilp32\libg_nano.a(lib_a-fflush.o)
                              c:/mounriver/mrs_community/toolchain/risc-v embedded gcc/bin/../lib/gcc/riscv-none-embed/8.2.0/../../../../riscv-none-embed/lib/rv32imac/ilp32\libg_nano.a(lib_a-wbuf.o) (_fflush_r)
c:/mounriver/mrs_community/toolchain/risc-v embedded gcc/bin/../lib/gcc/riscv-none-embed/8.2.0/../../../../riscv-none-embed/lib/rv32imac/ilp32\libg_nano.a(lib_a-findfp.o)
                              c:/mounriver/mrs_community/toolchain/risc-v embedded gcc/bin/../lib/gcc/riscv-none-embed/8.2.0/../../../../riscv-none-embed/lib/rv32imac/ilp32\libg_nano.a(lib_a-printf.o) (__sinit)
c:/mounriver/mrs_community/toolchain/risc-v embedded gcc/bin/../lib/gcc/riscv-none-embed/8.2.0/../../../../riscv-none-embed/lib/rv32imac/ilp32\libg_nano.a(lib_a-fwalk.o)
                              c:/mounriver/mrs_community/toolchain/risc-v embedded gcc/bin/../lib/gcc/riscv-none-embed/8.2.0/../../../../riscv-none-embed/lib/rv32imac/ilp32\libg_nano.a(lib_a-findfp.o) (_fwalk)
c:/mounriver/mrs_community/toolchain/risc-v embedded gcc/bin/../lib/gcc/riscv-none-embed/8.2.0/../../../../riscv-none-embed/lib/rv32imac/ilp32\libg_nano.a(lib_a-impure.o)
                              c:/mounriver/mrs_community/toolchain/risc-v embedded gcc/bin/../lib/gcc/riscv-none-embed/8.2.0/../../../../riscv-none-embed/lib/rv32imac/ilp32\libg_nano.a(lib_a-fflush.o) (_global_impure_ptr)
c:/mounriver/mrs_community/toolchain/risc-v embedded gcc/bin/../lib/gcc/riscv-none-embed/8.2.0/../../../../riscv-none-embed/lib/rv32imac/ilp32\libg_nano.a(lib_a-makebuf.o)
                              c:/mounriver/mrs_community/toolchain/risc-v embedded gcc/bin/../lib/gcc/riscv-none-embed/8.2.0/../../../../riscv-none-embed/lib/rv32imac/ilp32\libg_nano.a(lib_a-wsetup.o) (__smakebuf_r)
c:/mounriver/mrs_community/toolchain/risc-v embedded gcc/bin/../lib/gcc/riscv-none-embed/8.2.0/../../../../riscv-none-embed/lib/rv32imac/ilp32\libg_nano.a(lib_a-nano-freer.o)
                              c:/mounriver/mrs_community/toolchain/risc-v embedded gcc/bin/../lib/gcc/riscv-none-embed/8.2.0/../../../../riscv-none-embed/lib/rv32imac/ilp32\libg_nano.a(lib_a-wsetup.o) (_free_r)
c:/mounriver/mrs_community/toolchain/risc-v embedded gcc/bin/../lib/gcc/riscv-none-embed/8.2.0/../../../../riscv-none-embed/lib/rv32imac/ilp32\libg_nano.a(lib_a-nano-mallocr.o)
                              c:/mounriver/mrs_community/toolchain/risc-v embedded gcc/bin/../lib/gcc/riscv-none-embed/8.2.0/../../../../riscv-none-embed/lib/rv32imac/ilp32\libg_nano.a(lib_a-findfp.o) (_malloc_r)
c:/mounriver/mrs_community/toolchain/risc-v embedded gcc/bin/../lib/gcc/riscv-none-embed/8.2.0/../../../../riscv-none-embed/lib/rv32imac/ilp32\libg_nano.a(lib_a-nano-vfprintf.o)
[...]
Memory Configuration

Name             Origin             Length             Attributes
FLASH            0x0000000000000000 0x0000000000020000 xr
RAM              0x0000000020000000 0x0000000000008000 xrw
*default*        0x0000000000000000 0xffffffffffffffff

Linker script and memory map

LOAD ./User/USB_Device/ch32v30x_usbhs_device.o
LOAD ./User/USB_Device/usb_desc.o
LOAD ./User/UART/UART.o
LOAD ./User/ch32v30x_it.o
LOAD ./User/main.o
LOAD ./User/system_ch32v30x.o
LOAD ./Startup/startup_ch32v30x_D8C.o
LOAD ./Peripheral/src/ch32v30x_adc.o
LOAD ./Peripheral/src/ch32v30x_bkp.o
LOAD ./Peripheral/src/ch32v30x_can.o
LOAD ./Peripheral/src/ch32v30x_crc.o
LOAD ./Peripheral/src/ch32v30x_dac.o
LOAD ./Peripheral/src/ch32v30x_dbgmcu.o
LOAD ./Peripheral/src/ch32v30x_dma.o
LOAD ./Peripheral/src/ch32v30x_dvp.o
LOAD ./Peripheral/src/ch32v30x_eth.o
LOAD ./Peripheral/src/ch32v30x_exti.o
LOAD ./Peripheral/src/ch32v30x_flash.o
LOAD ./Peripheral/src/ch32v30x_fsmc.o
LOAD ./Peripheral/src/ch32v30x_gpio.o
LOAD ./Peripheral/src/ch32v30x_i2c.o
LOAD ./Peripheral/src/ch32v30x_iwdg.o
LOAD ./Peripheral/src/ch32v30x_misc.o
LOAD ./Peripheral/src/ch32v30x_opa.o
LOAD ./Peripheral/src/ch32v30x_pwr.o
LOAD ./Peripheral/src/ch32v30x_rcc.o
LOAD ./Peripheral/src/ch32v30x_rng.o
LOAD ./Peripheral/src/ch32v30x_rtc.o
LOAD ./Peripheral/src/ch32v30x_sdio.o
LOAD ./Peripheral/src/ch32v30x_spi.o
LOAD ./Peripheral/src/ch32v30x_tim.o
LOAD ./Peripheral/src/ch32v30x_usart.o
LOAD ./Peripheral/src/ch32v30x_wwdg.o
LOAD ./Debug/debug.o
LOAD ./Core/core_riscv.o
LOAD c:/mounriver/mrs_community/toolchain/risc-v embedded gcc/bin/../lib/gcc/riscv-none-embed/8.2.0/../../../../riscv-none-embed/lib/rv32imac/ilp32\libm.a
LOAD c:/mounriver/mrs_community/toolchain/risc-v embedded gcc/bin/../lib/gcc/riscv-none-embed/8.2.0/rv32imac/ilp32\libgcc.a
LOAD c:/mounriver/mrs_community/toolchain/risc-v embedded gcc/bin/../lib/gcc/riscv-none-embed/8.2.0/../../../../riscv-none-embed/lib/rv32imac/ilp32\libg_nano.a
LOAD c:/mounriver/mrs_community/toolchain/risc-v embedded gcc/bin/../lib/gcc/riscv-none-embed/8.2.0/../../../../riscv-none-embed/lib/rv32imac/ilp32\libc_nano.a
LOAD c:/mounriver/mrs_community/toolchain/risc-v embedded gcc/bin/../lib/gcc/riscv-none-embed/8.2.0/rv32imac/ilp32\libgcc.a
START GROUP
LOAD c:/mounriver/mrs_community/toolchain/risc-v embedded gcc/bin/../lib/gcc/riscv-none-embed/8.2.0/rv32imac/ilp32\libgcc.a
LOAD c:/mounriver/mrs_community/toolchain/risc-v embedded gcc/bin/../lib/gcc/riscv-none-embed/8.2.0/../../../../riscv-none-embed/lib/rv32imac/ilp32\libc_nano.a
LOAD c:/mounriver/mrs_community/toolchain/risc-v embedded gcc/bin/../lib/gcc/riscv-none-embed/8.2.0/../../../../riscv-none-embed/lib/rv32imac/ilp32\libnosys.a
END GROUP
START GROUP
LOAD c:/mounriver/mrs_community/toolchain/risc-v embedded gcc/bin/../lib/gcc/riscv-none-embed/8.2.0/rv32imac/ilp32\libgcc.a
LOAD c:/mounriver/mrs_community/toolchain/risc-v embedded gcc/bin/../lib/gcc/riscv-none-embed/8.2.0/../../../../riscv-none-embed/lib/rv32imac/ilp32\libc_nano.a
LOAD c:/mounriver/mrs_community/toolchain/risc-v embedded gcc/bin/../lib/gcc/riscv-none-embed/8.2.0/../../../../riscv-none-embed/lib/rv32imac/ilp32\libnosys.a
END GROUP
                0x0000000000000800                __stack_size = 0x800
                [!provide]                        PROVIDE (_stack_size = __stack_size)

.init           0x0000000000000000       0x38
                0x0000000000000000                _sinit = .
                0x0000000000000000                . = ALIGN (0x4)
 *(SORT_NONE(.init))
 .init          0x0000000000000000       0x38 ./Startup/startup_ch32v30x_D8C.o
                0x0000000000000000                _start
                0x0000000000000038                . = ALIGN (0x4)
                0x0000000000000038                _einit = .

.vector         0x0000000000000038      0x1c8
 *(.vector)
 .vector        0x0000000000000038      0x1a0 ./Startup/startup_ch32v30x_D8C.o
                0x0000000000000200                . = ALIGN (0x40)
 *fill*         0x00000000000001d8       0x28 

.text           0x0000000000000200     0x2ff8
                0x0000000000000200                . = ALIGN (0x4)
 *(.text)
 .text          0x0000000000000200       0x60 c:/mounriver/mrs_community/toolchain/risc-v embedded gcc/bin/../lib/gcc/riscv-none-embed/8.2.0/rv32imac/ilp32\libgcc.a(save-restore.o)
                0x0000000000000200                __riscv_save_12
                0x0000000000000208                __riscv_save_9
                0x0000000000000208                __riscv_save_11
                0x0000000000000208                __riscv_save_10
                0x0000000000000208                __riscv_save_8
                0x0000000000000216                __riscv_save_4
                0x0000000000000216                __riscv_save_6
                0x0000000000000216                __riscv_save_5
                0x0000000000000216                __riscv_save_7
                0x0000000000000230                __riscv_save_3
                0x0000000000000230                __riscv_save_2
                0x0000000000000230                __riscv_save_1
                0x0000000000000230                __riscv_save_0
                0x000000000000023c                __riscv_restore_12
                0x0000000000000240                __riscv_restore_11
                0x0000000000000240                __riscv_restore_9
                0x0000000000000240                __riscv_restore_10
                0x0000000000000240                __riscv_restore_8
                0x000000000000024a                __riscv_restore_5
                0x000000000000024a                __riscv_restore_7
                0x000000000000024a                __riscv_restore_6
                0x000000000000024a                __riscv_restore_4
                0x0000000000000254                __riscv_restore_3
                0x0000000000000254                __riscv_restore_0
                0x0000000000000254                __riscv_restore_2
                0x0000000000000254                __riscv_restore_1
 .text          0x0000000000000260       0xa8 c:/mounriver/mrs_community/toolchain/risc-v embedded gcc/bin/../lib/gcc/riscv-none-embed/8.2.0/../../../../riscv-none-embed/lib/rv32imac/ilp32\libg_nano.a(lib_a-memset.o)
                0x0000000000000260                memset
 *(.text.*)
 .text.USB_TestMode_Deal
                0x0000000000000308       0xf4 ./User/USB_Device/ch32v30x_usbhs_device.o
                0x0000000000000308                USB_TestMode_Deal
 .text.USBHS_RCC_Init
                0x00000000000003fc       0x30 ./User/USB_Device/ch32v30x_usbhs_device.o
                0x00000000000003fc                USBHS_RCC_Init
 .text.USBHS_Device_Endp_Init
                0x000000000000042c       0x7e ./User/USB_Device/ch32v30x_usbhs_device.o
                0x000000000000042c                USBHS_Device_Endp_Init
 .text.USBHS_Device_Init
                0x00000000000004aa       0x76 ./User/USB_Device/ch32v30x_usbhs_device.o
                0x00000000000004aa                USBHS_Device_Init
 .text.USBHS_IRQHandler
                0x0000000000000520      0x910 ./User/USB_Device/ch32v30x_usbhs_device.o
                0x0000000000000520                USBHS_IRQHandler
 .text.RCC_Configuration
                0x0000000000000e30       0x22 ./User/UART/UART.o
                0x0000000000000e30                RCC_Configuration
 .text.TIM2_Init
                0x0000000000000e52       0x74 ./User/UART/UART.o
                0x0000000000000e52                TIM2_Init
 .text.UART2_ParaInit
                0x0000000000000ec6       0x82 ./User/UART/UART.o
                0x0000000000000ec6                UART2_ParaInit
 .text.UART2_USB_Init
                0x0000000000000f48       0x46 ./User/UART/UART.o
                0x0000000000000f48                UART2_USB_Init
 .text.USB_CDC_Send
                0x0000000000000f8e       0x70 ./User/UART/UART.o
                0x0000000000000f8e                USB_CDC_Send
 .text.USB_CDC_RxAvailable
                0x0000000000000ffe       0x16 ./User/UART/UART.o
                0x0000000000000ffe                USB_CDC_RxAvailable
 .text.USB_CDC_Rx
                0x0000000000001014       0xe6 ./User/UART/UART.o
                0x0000000000001014                USB_CDC_Rx
 .text.NMI_Handler
                0x00000000000010fa        0x2 ./User/ch32v30x_it.o
                0x00000000000010fa                NMI_Handler
 .text.TIM2_IRQHandler
                0x00000000000010fc       0x4c ./User/ch32v30x_it.o
                0x00000000000010fc                TIM2_IRQHandler
 .text.HardFault_Handler
                0x0000000000001148       0x1c ./User/ch32v30x_it.o
                0x0000000000001148                HardFault_Handler
 .text.GPIO_Toggle_INIT
                0x0000000000001164       0x30 ./User/main.o
                0x0000000000001164                GPIO_Toggle_INIT
 .text.startup.main
                0x0000000000001194       0x82 ./User/main.o
                0x0000000000001194                main
 .text.SystemInit
                0x0000000000001216       0xf8 ./User/system_ch32v30x.o
                0x0000000000001216                SystemInit
 .text.SystemCoreClockUpdate
                0x000000000000130e       0xc0 ./User/system_ch32v30x.o
                0x000000000000130e                SystemCoreClockUpdate
 .text.vector_handler
                0x00000000000013ce       0xbe ./Startup/startup_ch32v30x_D8C.o
                0x00000000000013d2                Ecall_M_Mode_Handler
                0x00000000000013d4                Ecall_U_Mode_Handler
                0x00000000000013d6                Break_Point_Handler
                0x00000000000013d8                SysTick_Handler
                0x00000000000013da                SW_Handler
                0x00000000000013dc                WWDG_IRQHandler
                0x00000000000013de                PVD_IRQHandler
                0x00000000000013e0                TAMPER_IRQHandler
                0x00000000000013e2                RTC_IRQHandler
                0x00000000000013e4                FLASH_IRQHandler
                0x00000000000013e6                RCC_IRQHandler
                0x00000000000013e8                EXTI0_IRQHandler
                0x00000000000013ea                EXTI1_IRQHandler
                0x00000000000013ec                EXTI2_IRQHandler
                0x00000000000013ee                EXTI3_IRQHandler
                0x00000000000013f0                EXTI4_IRQHandler
                0x00000000000013f2                DMA1_Channel1_IRQHandler
                0x00000000000013f4                DMA1_Channel2_IRQHandler
                0x00000000000013f6                DMA1_Channel3_IRQHandler
                0x00000000000013f8                DMA1_Channel4_IRQHandler
                0x00000000000013fa                DMA1_Channel5_IRQHandler
                0x00000000000013fc                DMA1_Channel6_IRQHandler
                0x00000000000013fe                DMA1_Channel7_IRQHandler
                0x0000000000001400                ADC1_2_IRQHandler
                0x0000000000001402                USB_HP_CAN1_TX_IRQHandler
                0x0000000000001404                USB_LP_CAN1_RX0_IRQHandler
                0x0000000000001406                CAN1_RX1_IRQHandler
                0x0000000000001408                CAN1_SCE_IRQHandler
                0x000000000000140a                EXTI9_5_IRQHandler
                0x000000000000140c                TIM1_BRK_IRQHandler
                0x000000000000140e                TIM1_UP_IRQHandler
                0x0000000000001410                TIM1_TRG_COM_IRQHandler
                0x0000000000001412                TIM1_CC_IRQHandler
                0x0000000000001416                TIM3_IRQHandler
                0x0000000000001418                TIM4_IRQHandler
                0x000000000000141a                I2C1_EV_IRQHandler
                0x000000000000141c                I2C1_ER_IRQHandler
                0x000000000000141e                I2C2_EV_IRQHandler
                0x0000000000001420                I2C2_ER_IRQHandler
                0x0000000000001422                SPI1_IRQHandler
                0x0000000000001424                SPI2_IRQHandler
                0x0000000000001426                USART1_IRQHandler
                0x0000000000001428                USART2_IRQHandler
                0x000000000000142a                USART3_IRQHandler
                0x000000000000142c                EXTI15_10_IRQHandler
                0x000000000000142e                RTCAlarm_IRQHandler
                0x0000000000001430                USBWakeUp_IRQHandler
                0x0000000000001432                TIM8_BRK_IRQHandler
                0x0000000000001434                TIM8_UP_IRQHandler
                0x0000000000001436                TIM8_TRG_COM_IRQHandler
                0x0000000000001438                TIM8_CC_IRQHandler
                0x000000000000143a                RNG_IRQHandler
                0x000000000000143c                FSMC_IRQHandler
                0x000000000000143e                SDIO_IRQHandler
                0x0000000000001440                TIM5_IRQHandler
                0x0000000000001442                SPI3_IRQHandler
                0x0000000000001444                UART4_IRQHandler
                0x0000000000001446                UART5_IRQHandler
                0x0000000000001448                TIM6_IRQHandler
                0x000000000000144a                TIM7_IRQHandler
                0x000000000000144c                DMA2_Channel1_IRQHandler
                0x000000000000144e                DMA2_Channel2_IRQHandler
                0x0000000000001450                DMA2_Channel3_IRQHandler
                0x0000000000001452                DMA2_Channel4_IRQHandler
                0x0000000000001454                DMA2_Channel5_IRQHandler
                0x0000000000001456                ETH_IRQHandler
                0x0000000000001458                ETH_WKUP_IRQHandler
                0x000000000000145a                CAN2_TX_IRQHandler
                0x000000000000145c                CAN2_RX0_IRQHandler
                0x000000000000145e                CAN2_RX1_IRQHandler
                0x0000000000001460                CAN2_SCE_IRQHandler
                0x0000000000001462                OTG_FS_IRQHandler
                0x0000000000001464                USBHSWakeup_IRQHandler
                0x0000000000001468                DVP_IRQHandler
                0x000000000000146a                UART6_IRQHandler
                0x000000000000146c                UART7_IRQHandler
                0x000000000000146e                UART8_IRQHandler
                0x0000000000001470                TIM9_BRK_IRQHandler
                0x0000000000001472                TIM9_UP_IRQHandler
                0x0000000000001474                TIM9_TRG_COM_IRQHandler
                0x0000000000001476                TIM9_CC_IRQHandler
                0x0000000000001478                TIM10_BRK_IRQHandler
                0x000000000000147a                TIM10_UP_IRQHandler
                0x000000000000147c                TIM10_TRG_COM_IRQHandler
                0x000000000000147e                TIM10_CC_IRQHandler
                0x0000000000001480                DMA2_Channel6_IRQHandler
                0x0000000000001482                DMA2_Channel7_IRQHandler
                0x0000000000001484                DMA2_Channel8_IRQHandler
                0x0000000000001486                DMA2_Channel9_IRQHandler
                0x0000000000001488                DMA2_Channel10_IRQHandler
                0x000000000000148a                DMA2_Channel11_IRQHandler
 .text.handle_reset
                0x000000000000148c       0x8e ./Startup/startup_ch32v30x_D8C.o
                0x000000000000148c                handle_reset
 .text.DBGMCU_GetCHIPID
                0x000000000000151a        0xa ./Peripheral/src/ch32v30x_dbgmcu.o
                0x000000000000151a                DBGMCU_GetCHIPID
 .text.GPIO_Init
                0x0000000000001524       0xc2 ./Peripheral/src/ch32v30x_gpio.o
                0x0000000000001524                GPIO_Init
 .text.GPIO_WriteBit
                0x00000000000015e6        0xa ./Peripheral/src/ch32v30x_gpio.o
                0x00000000000015e6                GPIO_WriteBit
 .text.RCC_GetClocksFreq
                0x00000000000015f0      0x17e ./Peripheral/src/ch32v30x_rcc.o
                0x00000000000015f0                RCC_GetClocksFreq
 .text.RCC_AHBPeriphClockCmd
                0x000000000000176e       0x1e ./Peripheral/src/ch32v30x_rcc.o
                0x000000000000176e                RCC_AHBPeriphClockCmd
 .text.RCC_APB2PeriphClockCmd
                0x000000000000178c       0x1e ./Peripheral/src/ch32v30x_rcc.o
                0x000000000000178c                RCC_APB2PeriphClockCmd
 .text.RCC_APB1PeriphClockCmd
                0x00000000000017aa       0x1e ./Peripheral/src/ch32v30x_rcc.o
                0x00000000000017aa                RCC_APB1PeriphClockCmd
 .text.RCC_APB2PeriphResetCmd
                0x00000000000017c8       0x1e ./Peripheral/src/ch32v30x_rcc.o
                0x00000000000017c8                RCC_APB2PeriphResetCmd
 .text.RCC_APB1PeriphResetCmd
                0x00000000000017e6       0x1e ./Peripheral/src/ch32v30x_rcc.o
                0x00000000000017e6                RCC_APB1PeriphResetCmd
 .text.RCC_USBHSConfig
                0x0000000000001804       0x1a ./Peripheral/src/ch32v30x_rcc.o
                0x0000000000001804                RCC_USBHSConfig
 .text.RCC_USBHSPLLCLKConfig
                0x000000000000181e       0x1a ./Peripheral/src/ch32v30x_rcc.o
                0x000000000000181e                RCC_USBHSPLLCLKConfig
 .text.RCC_USBHSPLLCKREFCLKConfig
                0x0000000000001838       0x1a ./Peripheral/src/ch32v30x_rcc.o
                0x0000000000001838                RCC_USBHSPLLCKREFCLKConfig
 .text.RCC_USBHSPHYPLLALIVEcmd
                0x0000000000001852       0x24 ./Peripheral/src/ch32v30x_rcc.o
                0x0000000000001852                RCC_USBHSPHYPLLALIVEcmd
 .text.RCC_USBCLK48MConfig
                0x0000000000001876       0x16 ./Peripheral/src/ch32v30x_rcc.o
                0x0000000000001876                RCC_USBCLK48MConfig
 .text.TIM_DeInit
                0x000000000000188c       0xe8 ./Peripheral/src/ch32v30x_tim.o
                0x000000000000188c                TIM_DeInit
 .text.TIM_TimeBaseInit
                0x0000000000001974       0xc0 ./Peripheral/src/ch32v30x_tim.o
                0x0000000000001974                TIM_TimeBaseInit
 .text.TIM_Cmd  0x0000000000001a34       0x1c ./Peripheral/src/ch32v30x_tim.o
                0x0000000000001a34                TIM_Cmd
 .text.TIM_ITConfig
                0x0000000000001a50       0x16 ./Peripheral/src/ch32v30x_tim.o
                0x0000000000001a50                TIM_ITConfig
 .text.TIM_ClearFlag
                0x0000000000001a66        0xe ./Peripheral/src/ch32v30x_tim.o
                0x0000000000001a66                TIM_ClearFlag
 .text.USART_Init
                0x0000000000001a74       0xd6 ./Peripheral/src/ch32v30x_usart.o
                0x0000000000001a74                USART_Init
 .text.USART_Cmd
                0x0000000000001b4a       0x1c ./Peripheral/src/ch32v30x_usart.o
                0x0000000000001b4a                USART_Cmd
 .text.USART_SendData
                0x0000000000001b66        0xa ./Peripheral/src/ch32v30x_usart.o
                0x0000000000001b66                USART_SendData
 .text.USART_GetFlagStatus
                0x0000000000001b70        0xc ./Peripheral/src/ch32v30x_usart.o
                0x0000000000001b70                USART_GetFlagStatus
 .text.Delay_Init
                0x0000000000001b7c       0x2a ./Debug/debug.o
                0x0000000000001b7c                Delay_Init
 .text.Delay_Us
                0x0000000000001ba6       0x36 ./Debug/debug.o
                0x0000000000001ba6                Delay_Us
 .text.USART_Printf_Init
                0x0000000000001bdc       0x5c ./Debug/debug.o
                0x0000000000001bdc                USART_Printf_Init
 .text._write   0x0000000000001c38       0x3a ./Debug/debug.o
                0x0000000000001c38                _write
 .text._sbrk    0x0000000000001c72       0x2a ./Debug/debug.o
                0x0000000000001c72                _sbrk
 .text.memcpy   0x0000000000001c9c       0xb6 c:/mounriver/mrs_community/toolchain/risc-v embedded gcc/bin/../lib/gcc/riscv-none-embed/8.2.0/../../../../riscv-none-embed/lib/rv32imac/ilp32\libg_nano.a(lib_a-memcpy.o)
                0x0000000000001c9c                memcpy
 .text.printf   0x0000000000001d52       0x40 c:/mounriver/mrs_community/toolchain/risc-v embedded gcc/bin/../lib/gcc/riscv-none-embed/8.2.0/../../../../riscv-none-embed/lib/rv32imac/ilp32\libg_nano.a(lib_a-printf.o)
                0x0000000000001d52                iprintf
                0x0000000000001d52                printf
 .text._puts_r  0x0000000000001d92       0xda c:/mounriver/mrs_community/toolchain/risc-v embedded gcc/bin/../lib/gcc/riscv-none-embed/8.2.0/../../../../riscv-none-embed/lib/rv32imac/ilp32\libg_nano.a(lib_a-puts.o)
                0x0000000000001d92                _puts_r
 .text.puts     0x0000000000001e6c        0xa c:/mounriver/mrs_community/toolchain/risc-v embedded gcc/bin/../lib/gcc/riscv-none-embed/8.2.0/../../../../riscv-none-embed/lib/rv32imac/ilp32\libg_nano.a(lib_a-puts.o)
                0x0000000000001e6c                puts
 .text.__swbuf_r
                0x0000000000001e76       0xc0 c:/mounriver/mrs_community/toolchain/risc-v embedded gcc/bin/../lib/gcc/riscv-none-embed/8.2.0/../../../../riscv-none-embed/lib/rv32imac/ilp32\libg_nano.a(lib_a-wbuf.o)
                0x0000000000001e76                __swbuf_r
 .text.__swsetup_r
                0x0000000000001f36      0x10c c:/mounriver/mrs_community/toolchain/risc-v embedded gcc/bin/../lib/gcc/riscv-none-embed/8.2.0/../../../../riscv-none-embed/lib/rv32imac/ilp32\libg_nano.a(lib_a-wsetup.o)
                0x0000000000001f36                __swsetup_r
 .text.__sflush_r
                0x0000000000002042      0x13c c:/mounriver/mrs_community/toolchain/risc-v embedded gcc/bin/../lib/gcc/riscv-none-embed/8.2.0/../../../../riscv-none-embed/lib/rv32imac/ilp32\libg_nano.a(lib_a-fflush.o)
                0x0000000000002042                __sflush_r
 .text._fflush_r
                0x000000000000217e       0x64 c:/mounriver/mrs_community/toolchain/risc-v embedded gcc/bin/../lib/gcc/riscv-none-embed/8.2.0/../../../../riscv-none-embed/lib/rv32imac/ilp32\libg_nano.a(lib_a-fflush.o)
                0x000000000000217e                _fflush_r
 .text.std      0x00000000000021e2       0x6a c:/mounriver/mrs_community/toolchain/risc-v embedded gcc/bin/../lib/gcc/riscv-none-embed/8.2.0/../../../../riscv-none-embed/lib/rv32imac/ilp32\libg_nano.a(lib_a-findfp.o)
 .text._cleanup_r
                0x000000000000224c        0xa c:/mounriver/mrs_community/toolchain/risc-v embedded gcc/bin/../lib/gcc/riscv-none-embed/8.2.0/../../../../riscv-none-embed/lib/rv32imac/ilp32\libg_nano.a(lib_a-findfp.o)
                0x000000000000224c                _cleanup_r
 .text.__sfmoreglue
                0x0000000000002256       0x46 c:/mounriver/mrs_community/toolchain/risc-v embedded gcc/bin/../lib/gcc/riscv-none-embed/8.2.0/../../../../riscv-none-embed/lib/rv32imac/ilp32\libg_nano.a(lib_a-findfp.o)
                0x0000000000002256                __sfmoreglue
 .text.__sinit  0x000000000000229c       0x66 c:/mounriver/mrs_community/toolchain/risc-v embedded gcc/bin/../lib/gcc/riscv-none-embed/8.2.0/../../../../riscv-none-embed/lib/rv32imac/ilp32\libg_nano.a(lib_a-findfp.o)
                0x000000000000229c                __sinit
 .text.__sfp    0x0000000000002302       0x9c c:/mounriver/mrs_community/toolchain/risc-v embedded gcc/bin/../lib/gcc/riscv-none-embed/8.2.0/../../../../riscv-none-embed/lib/rv32imac/ilp32\libg_nano.a(lib_a-findfp.o)
                0x0000000000002302                __sfp
 .text._fwalk_reent
                0x000000000000239e       0x6c c:/mounriver/mrs_community/toolchain/risc-v embedded gcc/bin/../lib/gcc/riscv-none-embed/8.2.0/../../../../riscv-none-embed/lib/rv32imac/ilp32\libg_nano.a(lib_a-fwalk.o)
                0x000000000000239e                _fwalk_reent
 .text.__swhatbuf_r
                0x000000000000240a       0x5a c:/mounriver/mrs_community/toolchain/risc-v embedded gcc/bin/../lib/gcc/riscv-none-embed/8.2.0/../../../../riscv-none-embed/lib/rv32imac/ilp32\libg_nano.a(lib_a-makebuf.o)
                0x000000000000240a                __swhatbuf_r
 .text.__smakebuf_r
                0x0000000000002464       0x9e c:/mounriver/mrs_community/toolchain/risc-v embedded gcc/bin/../lib/gcc/riscv-none-embed/8.2.0/../../../../riscv-none-embed/lib/rv32imac/ilp32\libg_nano.a(lib_a-makebuf.o)
                0x0000000000002464                __smakebuf_r
 .text._free_r  0x0000000000002502       0xa8 c:/mounriver/mrs_community/toolchain/risc-v embedded gcc/bin/../lib/gcc/riscv-none-embed/8.2.0/../../../../riscv-none-embed/lib/rv32imac/ilp32\libg_nano.a(lib_a-nano-freer.o)
                0x0000000000002502                _free_r
 .text._malloc_r
                0x00000000000025aa       0xd4 c:/mounriver/mrs_community/toolchain/risc-v embedded gcc/bin/../lib/gcc/riscv-none-embed/8.2.0/../../../../riscv-none-embed/lib/rv32imac/ilp32\libg_nano.a(lib_a-nano-mallocr.o)
                0x00000000000025aa                _malloc_r
 .text.__sfputc_r
                0x000000000000267e       0x2a c:/mounriver/mrs_community/toolchain/risc-v embedded gcc/bin/../lib/gcc/riscv-none-embed/8.2.0/../../../../riscv-none-embed/lib/rv32imac/ilp32\libg_nano.a(lib_a-nano-vfprintf.o)
 .text.__sfputs_r
                0x00000000000026a8       0x42 c:/mounriver/mrs_community/toolchain/risc-v embedded gcc/bin/../lib/gcc/riscv-none-embed/8.2.0/../../../../riscv-none-embed/lib/rv32imac/ilp32\libg_nano.a(lib_a-nano-vfprintf.o)
                0x00000000000026a8                __sfputs_r
 .text._vfprintf_r
                0x00000000000026ea      0x29a c:/mounriver/mrs_community/toolchain/risc-v embedded gcc/bin/../lib/gcc/riscv-none-embed/8.2.0/../../../../riscv-none-embed/lib/rv32imac/ilp32\libg_nano.a(lib_a-nano-vfprintf.o)
                0x00000000000026ea                _vfprintf_r
                0x00000000000026ea                _vfiprintf_r
 .text._printf_common
                0x0000000000002984      0x10c c:/mounriver/mrs_community/toolchain/risc-v embedded gcc/bin/../lib/gcc/riscv-none-embed/8.2.0/../../../../riscv-none-embed/lib/rv32imac/ilp32\libg_nano.a(lib_a-nano-vfprintf_i.o)
                0x0000000000002984                _printf_common
 .text._printf_i
                0x0000000000002a90      0x2a8 c:/mounriver/mrs_community/toolchain/risc-v embedded gcc/bin/../lib/gcc/riscv-none-embed/8.2.0/../../../../riscv-none-embed/lib/rv32imac/ilp32\libg_nano.a(lib_a-nano-vfprintf_i.o)
                0x0000000000002a90                _printf_i
 .text._sbrk_r  0x0000000000002d38       0x32 c:/mounriver/mrs_community/toolchain/risc-v embedded gcc/bin/../lib/gcc/riscv-none-embed/8.2.0/../../../../riscv-none-embed/lib/rv32imac/ilp32\libg_nano.a(lib_a-sbrkr.o)
                0x0000000000002d38                _sbrk_r
 .text.__sread  0x0000000000002d6a       0x30 c:/mounriver/mrs_community/toolchain/risc-v embedded gcc/bin/../lib/gcc/riscv-none-embed/8.2.0/../../../../riscv-none-embed/lib/rv32imac/ilp32\libg_nano.a(lib_a-stdio.o)
                0x0000000000002d6a                __sread
 .text.__swrite
                0x0000000000002d9a       0x4e c:/mounriver/mrs_community/toolchain/risc-v embedded gcc/bin/../lib/gcc/riscv-none-embed/8.2.0/../../../../riscv-none-embed/lib/rv32imac/ilp32\libg_nano.a(lib_a-stdio.o)
                0x0000000000002d9a                __swrite
 .text.__sseek  0x0000000000002de8       0x36 c:/mounriver/mrs_community/toolchain/risc-v embedded gcc/bin/../lib/gcc/riscv-none-embed/8.2.0/../../../../riscv-none-embed/lib/rv32imac/ilp32\libg_nano.a(lib_a-stdio.o)
                0x0000000000002de8                __sseek
 .text.__sclose
                0x0000000000002e1e        0x6 c:/mounriver/mrs_community/toolchain/risc-v embedded gcc/bin/../lib/gcc/riscv-none-embed/8.2.0/../../../../riscv-none-embed/lib/rv32imac/ilp32\libg_nano.a(lib_a-stdio.o)
                0x0000000000002e1e                __sclose
 .text._write_r
                0x0000000000002e24       0x36 c:/mounriver/mrs_community/toolchain/risc-v embedded gcc/bin/../lib/gcc/riscv-none-embed/8.2.0/../../../../riscv-none-embed/lib/rv32imac/ilp32\libg_nano.a(lib_a-writer.o)
                0x0000000000002e24                _write_r
 .text._close_r
                0x0000000000002e5a       0x30 c:/mounriver/mrs_community/toolchain/risc-v embedded gcc/bin/../lib/gcc/riscv-none-embed/8.2.0/../../../../riscv-none-embed/lib/rv32imac/ilp32\libg_nano.a(lib_a-closer.o)
                0x0000000000002e5a                _close_r
 .text._fstat_r
                0x0000000000002e8a       0x32 c:/mounriver/mrs_community/toolchain/risc-v embedded gcc/bin/../lib/gcc/riscv-none-embed/8.2.0/../../../../riscv-none-embed/lib/rv32imac/ilp32\libg_nano.a(lib_a-fstatr.o)
                0x0000000000002e8a                _fstat_r
 .text._isatty_r
                0x0000000000002ebc       0x30 c:/mounriver/mrs_community/toolchain/risc-v embedded gcc/bin/../lib/gcc/riscv-none-embed/8.2.0/../../../../riscv-none-embed/lib/rv32imac/ilp32\libg_nano.a(lib_a-isattyr.o)
                0x0000000000002ebc                _isatty_r
 .text._lseek_r
                0x0000000000002eec       0x34 c:/mounriver/mrs_community/toolchain/risc-v embedded gcc/bin/../lib/gcc/riscv-none-embed/8.2.0/../../../../riscv-none-embed/lib/rv32imac/ilp32\libg_nano.a(lib_a-lseekr.o)
                0x0000000000002eec                _lseek_r
 .text.memchr   0x0000000000002f20       0x1a c:/mounriver/mrs_community/toolchain/risc-v embedded gcc/bin/../lib/gcc/riscv-none-embed/8.2.0/../../../../riscv-none-embed/lib/rv32imac/ilp32\libg_nano.a(lib_a-memchr.o)
                0x0000000000002f20                memchr
 .text.__malloc_lock
                0x0000000000002f3a        0x2 c:/mounriver/mrs_community/toolchain/risc-v embedded gcc/bin/../lib/gcc/riscv-none-embed/8.2.0/../../../../riscv-none-embed/lib/rv32imac/ilp32\libg_nano.a(lib_a-mlock.o)
                0x0000000000002f3a                __malloc_lock
 .text.__malloc_unlock
                0x0000000000002f3c        0x2 c:/mounriver/mrs_community/toolchain/risc-v embedded gcc/bin/../lib/gcc/riscv-none-embed/8.2.0/../../../../riscv-none-embed/lib/rv32imac/ilp32\libg_nano.a(lib_a-mlock.o)
                0x0000000000002f3c                __malloc_unlock
 .text._read_r  0x0000000000002f3e       0x34 c:/mounriver/mrs_community/toolchain/risc-v embedded gcc/bin/../lib/gcc/riscv-none-embed/8.2.0/../../../../riscv-none-embed/lib/rv32imac/ilp32\libg_nano.a(lib_a-readr.o)
                0x0000000000002f3e                _read_r
 .text._close   0x0000000000002f72       0x10 c:/mounriver/mrs_community/toolchain/risc-v embedded gcc/bin/../lib/gcc/riscv-none-embed/8.2.0/../../../../riscv-none-embed/lib/rv32imac/ilp32\libnosys.a(close.o)
                0x0000000000002f72                _close
 .text._fstat   0x0000000000002f82       0x10 c:/mounriver/mrs_community/toolchain/risc-v embedded gcc/bin/../lib/gcc/riscv-none-embed/8.2.0/../../../../riscv-none-embed/lib/rv32imac/ilp32\libnosys.a(fstat.o)
                0x0000000000002f82                _fstat
 .text._isatty  0x0000000000002f92       0x10 c:/mounriver/mrs_community/toolchain/risc-v embedded gcc/bin/../lib/gcc/riscv-none-embed/8.2.0/../../../../riscv-none-embed/lib/rv32imac/ilp32\libnosys.a(isatty.o)
                0x0000000000002f92                _isatty
 .text._lseek   0x0000000000002fa2       0x10 c:/mounriver/mrs_community/toolchain/risc-v embedded gcc/bin/../lib/gcc/riscv-none-embed/8.2.0/../../../../riscv-none-embed/lib/rv32imac/ilp32\libnosys.a(lseek.o)
                0x0000000000002fa2                _lseek
 .text._read    0x0000000000002fb2       0x10 c:/mounriver/mrs_community/toolchain/risc-v embedded gcc/bin/../lib/gcc/riscv-none-embed/8.2.0/../../../../riscv-none-embed/lib/rv32imac/ilp32\libnosys.a(read.o)
                0x0000000000002fb2                _read
 *(.rodata)
 *(.rodata*)
 *fill*         0x0000000000002fc2        0x2 
 .rodata.USBHS_IRQHandler
                0x0000000000002fc4       0x4c ./User/USB_Device/ch32v30x_usbhs_device.o
 .rodata.MyCfgDescr_FS
                0x0000000000003010       0x43 ./User/USB_Device/usb_desc.o
                0x0000000000003010                MyCfgDescr_FS
 *fill*         0x0000000000003053        0x1 
 .rodata.MyCfgDescr_HS
                0x0000000000003054       0x43 ./User/USB_Device/usb_desc.o
                0x0000000000003054                MyCfgDescr_HS
 *fill*         0x0000000000003097        0x1 
 .rodata.MyDevDescr
                0x0000000000003098       0x12 ./User/USB_Device/usb_desc.o
                0x0000000000003098                MyDevDescr
 *fill*         0x00000000000030aa        0x2 
 .rodata.MyManuInfo
                0x00000000000030ac        0xe ./User/USB_Device/usb_desc.o
                0x00000000000030ac                MyManuInfo
 *fill*         0x00000000000030ba        0x2 
 .rodata.MyProdInfo
                0x00000000000030bc       0x16 ./User/USB_Device/usb_desc.o
                0x00000000000030bc                MyProdInfo
 *fill*         0x00000000000030d2        0x2 
 .rodata.MyQuaDesc
                0x00000000000030d4        0xa ./User/USB_Device/usb_desc.o
                0x00000000000030d4                MyQuaDesc
 *fill*         0x00000000000030de        0x2 
 .rodata.MySerNumInfo
                0x00000000000030e0       0x16 ./User/USB_Device/usb_desc.o
                0x00000000000030e0                MySerNumInfo
 *fill*         0x00000000000030f6        0x2 
 .rodata.HardFault_Handler.str1.4
                0x00000000000030f8        0xb ./User/ch32v30x_it.o
 *fill*         0x0000000000003103        0x1 
 .rodata.main.str1.4
                0x0000000000003104       0x55 ./User/main.o
 *fill*         0x0000000000003159        0x3 
 .rodata.__sf_fake_stderr
                0x000000000000315c       0x20 c:/mounriver/mrs_community/toolchain/risc-v embedded gcc/bin/../lib/gcc/riscv-none-embed/8.2.0/../../../../riscv-none-embed/lib/rv32imac/ilp32\libg_nano.a(lib_a-findfp.o)
                0x000000000000315c                __sf_fake_stderr
 .rodata.__sf_fake_stdin
                0x000000000000317c       0x20 c:/mounriver/mrs_community/toolchain/risc-v embedded gcc/bin/../lib/gcc/riscv-none-embed/8.2.0/../../../../riscv-none-embed/lib/rv32imac/ilp32\libg_nano.a(lib_a-findfp.o)
                0x000000000000317c                __sf_fake_stdin
 .rodata.__sf_fake_stdout
                0x000000000000319c       0x20 c:/mounriver/mrs_community/toolchain/risc-v embedded gcc/bin/../lib/gcc/riscv-none-embed/8.2.0/../../../../riscv-none-embed/lib/rv32imac/ilp32\libg_nano.a(lib_a-findfp.o)
                0x000000000000319c                __sf_fake_stdout
 .rodata._vfprintf_r.str1.4
                0x00000000000031bc       0x13 c:/mounriver/mrs_community/toolchain/risc-v embedded gcc/bin/../lib/gcc/riscv-none-embed/8.2.0/../../../../riscv-none-embed/lib/rv32imac/ilp32\libg_nano.a(lib_a-nano-vfprintf.o)
 *fill*         0x00000000000031cf        0x1 
 .rodata._printf_i.str1.4
                0x00000000000031d0       0x28 c:/mounriver/mrs_community/toolchain/risc-v embedded gcc/bin/../lib/gcc/riscv-none-embed/8.2.0/../../../../riscv-none-embed/lib/rv32imac/ilp32\libg_nano.a(lib_a-nano-vfprintf_i.o)
                                         0x25 (size before relaxing)
 *(.gnu.linkonce.t.*)
                0x00000000000031f8                . = ALIGN (0x4)

.rela.dyn       0x00000000000031f8        0x0
 .rela.init     0x00000000000031f8        0x0 ./User/USB_Device/ch32v30x_usbhs_device.o
 .rela.vector   0x00000000000031f8        0x0 ./User/USB_Device/ch32v30x_usbhs_device.o
 .rela.text.handle_reset
                0x00000000000031f8        0x0 ./User/USB_Device/ch32v30x_usbhs_device.o
 .rela.text._sbrk
                0x00000000000031f8        0x0 ./User/USB_Device/ch32v30x_usbhs_device.o
 .rela.sdata.curbrk.5269
                0x00000000000031f8        0x0 ./User/USB_Device/ch32v30x_usbhs_device.o
 .rela.text._vfprintf_r
                0x00000000000031f8        0x0 ./User/USB_Device/ch32v30x_usbhs_device.o
 .rela.text._sbrk_r
                0x00000000000031f8        0x0 ./User/USB_Device/ch32v30x_usbhs_device.o
 .rela.text._write_r
                0x00000000000031f8        0x0 ./User/USB_Device/ch32v30x_usbhs_device.o
 .rela.text._close_r
                0x00000000000031f8        0x0 ./User/USB_Device/ch32v30x_usbhs_device.o
 .rela.text._fstat_r
                0x00000000000031f8        0x0 ./User/USB_Device/ch32v30x_usbhs_device.o
 .rela.text._isatty_r
                0x00000000000031f8        0x0 ./User/USB_Device/ch32v30x_usbhs_device.o
 .rela.text._lseek_r
                0x00000000000031f8        0x0 ./User/USB_Device/ch32v30x_usbhs_device.o
 .rela.text._read_r
                0x00000000000031f8        0x0 ./User/USB_Device/ch32v30x_usbhs_device.o
 .rela.text._close
                0x00000000000031f8        0x0 ./User/USB_Device/ch32v30x_usbhs_device.o
 .rela.text._fstat
                0x00000000000031f8        0x0 ./User/USB_Device/ch32v30x_usbhs_device.o
 .rela.text._isatty
                0x00000000000031f8        0x0 ./User/USB_Device/ch32v30x_usbhs_device.o
 .rela.text._lseek
                0x00000000000031f8        0x0 ./User/USB_Device/ch32v30x_usbhs_device.o
 .rela.text._read
                0x00000000000031f8        0x0 ./User/USB_Device/ch32v30x_usbhs_device.o

.fini           0x00000000000031f8        0x0
 *(SORT_NONE(.fini))
                0x00000000000031f8                . = ALIGN (0x4)
                [!provide]                        PROVIDE (_etext = .)
                [!provide]                        PROVIDE (_eitcm = .)

.preinit_array  0x00000000000031f8        0x0
                [!provide]                        PROVIDE (__preinit_array_start = .)
 *(.preinit_array)
                [!provide]                        PROVIDE (__preinit_array_end = .)

.init_array     0x00000000000031f8        0x0
                [!provide]                        PROVIDE (__init_array_start = .)
 *(SORT_BY_INIT_PRIORITY(.init_array.*) SORT_BY_INIT_PRIORITY(.ctors.*))
 *(.init_array EXCLUDE_FILE(*crtend?.o *crtend.o *crtbegin?.o *crtbegin.o) .ctors)
                [!provide]                        PROVIDE (__init_array_end = .)

.fini_array     0x00000000000031f8        0x0
                [!provide]                        PROVIDE (__fini_array_start = .)
 *(SORT_BY_INIT_PRIORITY(.fini_array.*) SORT_BY_INIT_PRIORITY(.dtors.*))
 *(.fini_array EXCLUDE_FILE(*crtend?.o *crtend.o *crtbegin?.o *crtbegin.o) .dtors)
                [!provide]                        PROVIDE (__fini_array_end = .)

.ctors
 *crtbegin.o(.ctors)
 *crtbegin?.o(.ctors)
 *(EXCLUDE_FILE(*crtend?.o *crtend.o) .ctors)
 *(SORT_BY_NAME(.ctors.*))
 *(.ctors)

.dtors
 *crtbegin.o(.dtors)
 *crtbegin?.o(.dtors)
 *(EXCLUDE_FILE(*crtend?.o *crtend.o) .dtors)
 *(SORT_BY_NAME(.dtors.*))
 *(.dtors)

.dalign         0x0000000020000000        0x0 load address 0x00000000000031f8
                0x0000000020000000                . = ALIGN (0x4)
                0x0000000020000000                PROVIDE (_data_vma = .)

.dlalign        0x00000000000031f8        0x0
                0x00000000000031f8                . = ALIGN (0x4)
                0x00000000000031f8                PROVIDE (_data_lma = .)

.data           0x0000000020000000      0x158 load address 0x00000000000031f8
 *(.gnu.linkonce.r.*)
 *(.data .data.*)
 .data.IFTest_Buf
                0x0000000020000000       0x35 ./User/USB_Device/ch32v30x_usbhs_device.o
                0x0000000020000000                IFTest_Buf
 *fill*         0x0000000020000035        0x3 
 .data.TAB_USB_FS_OSC_DESC
                0x0000000020000038       0x43 ./User/USB_Device/usb_desc.o
                0x0000000020000038                TAB_USB_FS_OSC_DESC
 *fill*         0x000000002000007b        0x1 
 .data.TAB_USB_HS_OSC_DESC
                0x000000002000007c       0x43 ./User/USB_Device/usb_desc.o
                0x000000002000007c                TAB_USB_HS_OSC_DESC
 *fill*         0x00000000200000bf        0x1 
 .data.AHBPrescTable
                0x00000000200000c0       0x10 ./User/system_ch32v30x.o
                0x00000000200000c0                AHBPrescTable
 .data.APBAHBPrescTable
                0x00000000200000d0       0x10 ./Peripheral/src/ch32v30x_rcc.o
 .data.impure_data
                0x00000000200000e0       0x60 c:/mounriver/mrs_community/toolchain/risc-v embedded gcc/bin/../lib/gcc/riscv-none-embed/8.2.0/../../../../riscv-none-embed/lib/rv32imac/ilp32\libg_nano.a(lib_a-impure.o)
 *(.gnu.linkonce.d.*)
                0x0000000020000140                . = ALIGN (0x8)
                0x0000000020000940                PROVIDE (__global_pointer$ = (. + 0x800))
 *(.sdata .sdata.*)
 .sdata.SystemCoreClock
                0x0000000020000140        0x4 ./User/system_ch32v30x.o
                0x0000000020000140                SystemCoreClock
 .sdata.ADCPrescTable
                0x0000000020000144        0x4 ./Peripheral/src/ch32v30x_rcc.o
 .sdata.curbrk.5269
                0x0000000020000148        0x4 ./Debug/debug.o
 .sdata._impure_ptr
                0x000000002000014c        0x4 c:/mounriver/mrs_community/toolchain/risc-v embedded gcc/bin/../lib/gcc/riscv-none-embed/8.2.0/../../../../riscv-none-embed/lib/rv32imac/ilp32\libg_nano.a(lib_a-impure.o)
                0x000000002000014c                _impure_ptr
 *(.sdata2.*)
 .sdata2.MyLangDescr
                0x0000000020000150        0x4 ./User/USB_Device/usb_desc.o
                0x0000000020000150                MyLangDescr
 .sdata2._global_impure_ptr
                0x0000000020000154        0x4 c:/mounriver/mrs_community/toolchain/risc-v embedded gcc/bin/../lib/gcc/riscv-none-embed/8.2.0/../../../../riscv-none-embed/lib/rv32imac/ilp32\libg_nano.a(lib_a-impure.o)
                0x0000000020000154                _global_impure_ptr
 *(.gnu.linkonce.s.*)
                0x0000000020000158                . = ALIGN (0x8)
 *(.srodata.cst16)
 *(.srodata.cst8)
 *(.srodata.cst4)
 *(.srodata.cst2)
 *(.srodata .srodata.*)
                0x0000000020000158                . = ALIGN (0x4)
                0x0000000020000158                PROVIDE (_edata = .)

.bss            0x0000000020000158     0x10ac load address 0x0000000000003350
                0x0000000020000158                . = ALIGN (0x4)
                0x0000000020000158                PROVIDE (_sbss = .)
 *(.sbss*)
 .sbss.USBHS_DevAddr
                0x0000000020000158        0x1 ./User/USB_Device/ch32v30x_usbhs_device.o
                0x0000000020000158                USBHS_DevAddr
 .sbss.USBHS_DevConfig
                0x0000000020000159        0x1 ./User/USB_Device/ch32v30x_usbhs_device.o
                0x0000000020000159                USBHS_DevConfig
 .sbss.USBHS_DevEnumStatus
                0x000000002000015a        0x1 ./User/USB_Device/ch32v30x_usbhs_device.o
                0x000000002000015a                USBHS_DevEnumStatus
 *fill*         0x000000002000015b        0x1 
 .sbss.USBHS_DevMaxPackLen
                0x000000002000015c        0x2 ./User/USB_Device/ch32v30x_usbhs_device.o
                0x000000002000015c                USBHS_DevMaxPackLen
 .sbss.USBHS_DevSleepStatus
                0x000000002000015e        0x1 ./User/USB_Device/ch32v30x_usbhs_device.o
                0x000000002000015e                USBHS_DevSleepStatus
 .sbss.USBHS_DevSpeed
                0x000000002000015f        0x1 ./User/USB_Device/ch32v30x_usbhs_device.o
                0x000000002000015f                USBHS_DevSpeed
 .sbss.USBHS_SetupReqCode
                0x0000000020000160        0x1 ./User/USB_Device/ch32v30x_usbhs_device.o
                0x0000000020000160                USBHS_SetupReqCode
 *fill*         0x0000000020000161        0x1 
 .sbss.USBHS_SetupReqIndex
                0x0000000020000162        0x2 ./User/USB_Device/ch32v30x_usbhs_device.o
                0x0000000020000162                USBHS_SetupReqIndex
 .sbss.USBHS_SetupReqLen
                0x0000000020000164        0x2 ./User/USB_Device/ch32v30x_usbhs_device.o
                0x0000000020000164                USBHS_SetupReqLen
 .sbss.USBHS_SetupReqType
                0x0000000020000166        0x1 ./User/USB_Device/ch32v30x_usbhs_device.o
                0x0000000020000166                USBHS_SetupReqType
 *fill*         0x0000000020000167        0x1 
 .sbss.USBHS_SetupReqValue
                0x0000000020000168        0x2 ./User/USB_Device/ch32v30x_usbhs_device.o
                0x0000000020000168                USBHS_SetupReqValue
 .sbss.USBHS_Test_Flag
                0x000000002000016a        0x1 ./User/USB_Device/ch32v30x_usbhs_device.o
                0x000000002000016a                USBHS_Test_Flag
 *fill*         0x000000002000016b        0x1 
 .sbss.pUSBHS_Descr
                0x000000002000016c        0x4 ./User/USB_Device/ch32v30x_usbhs_device.o
                0x000000002000016c                pUSBHS_Descr
 .sbss.UARTx_Rx_DMACurCount
                0x0000000020000170        0x4 ./User/UART/UART.o
                0x0000000020000170                UARTx_Rx_DMACurCount
 .sbss.UARTx_Rx_DMALastCount
                0x0000000020000174        0x4 ./User/UART/UART.o
                0x0000000020000174                UARTx_Rx_DMALastCount
 .sbss.p_ms     0x0000000020000178        0x2 ./Debug/debug.o
 .sbss.p_us     0x000000002000017a        0x1 ./Debug/debug.o
 *fill*         0x000000002000017b        0x1 
 .sbss.__malloc_free_list
                0x000000002000017c        0x4 c:/mounriver/mrs_community/toolchain/risc-v embedded gcc/bin/../lib/gcc/riscv-none-embed/8.2.0/../../../../riscv-none-embed/lib/rv32imac/ilp32\libg_nano.a(lib_a-nano-mallocr.o)
                0x000000002000017c                __malloc_free_list
 .sbss.__malloc_sbrk_start
                0x0000000020000180        0x4 c:/mounriver/mrs_community/toolchain/risc-v embedded gcc/bin/../lib/gcc/riscv-none-embed/8.2.0/../../../../riscv-none-embed/lib/rv32imac/ilp32\libg_nano.a(lib_a-nano-mallocr.o)
                0x0000000020000180                __malloc_sbrk_start
 *(.gnu.linkonce.sb.*)
 *(.bss*)
 .bss.USBHS_EP0_Buf
                0x0000000020000184       0x40 ./User/USB_Device/ch32v30x_usbhs_device.o
                0x0000000020000184                USBHS_EP0_Buf
 .bss.USBHS_EP2_Tx_Buf
                0x00000000200001c4      0x200 ./User/USB_Device/ch32v30x_usbhs_device.o
                0x00000000200001c4                USBHS_EP2_Tx_Buf
 .bss.USBHS_EP3_Tx_Buf
                0x00000000200003c4      0x200 ./User/USB_Device/ch32v30x_usbhs_device.o
                0x00000000200003c4                USBHS_EP3_Tx_Buf
 .bss.USBHS_Endp_Busy
                0x00000000200005c4       0x10 ./User/USB_Device/ch32v30x_usbhs_device.o
                0x00000000200005c4                USBHS_Endp_Busy
 .bss.UART2_Rx_Buf
                0x00000000200005d4      0x800 ./User/UART/UART.o
                0x00000000200005d4                UART2_Rx_Buf
 .bss.UART2_Tx_Buf
                0x0000000020000dd4      0x400 ./User/UART/UART.o
                0x0000000020000dd4                UART2_Tx_Buf
 .bss.Uart      0x00000000200011d4       0x2a ./User/UART/UART.o
                0x00000000200011d4                Uart
 *(.gnu.linkonce.b.*)
 *(COMMON*)
 *fill*         0x00000000200011fe        0x2 
 COMMON         0x0000000020001200        0x4 c:/mounriver/mrs_community/toolchain/risc-v embedded gcc/bin/../lib/gcc/riscv-none-embed/8.2.0/../../../../riscv-none-embed/lib/rv32imac/ilp32\libg_nano.a(lib_a-reent.o)
                0x0000000020001200                errno
                0x0000000020001204                . = ALIGN (0x4)
                0x0000000020001204                PROVIDE (_ebss = .)
                0x0000000020001204                PROVIDE (_end = _ebss)
                [!provide]                        PROVIDE (end = .)

.stack          0x0000000020007800      0x800
                0x0000000020007800                PROVIDE (_heap_end = .)
                0x0000000020007800                . = ALIGN (0x4)
                [!provide]                        PROVIDE (_susrstack = .)
                0x0000000020008000                . = (. + __stack_size)
 *fill*         0x0000000020007800      0x800 
                0x0000000020008000                PROVIDE (_eusrstack = .)
OUTPUT(USB_CDC_CH32V305FBP6.elf elf32-littleriscv)

.debug_info     0x0000000000000000    0x1027f
 .debug_info    0x0000000000000000     0x21f0 ./User/USB_Device/ch32v30x_usbhs_device.o
 .debug_info    0x00000000000021f0      0xa8c ./User/USB_Device/usb_desc.o
 .debug_info    0x0000000000002c7c     0x28ca ./User/UART/UART.o
 .debug_info    0x0000000000005546     0x1195 ./User/ch32v30x_it.o
 .debug_info    0x00000000000066db     0x1096 ./User/main.o
 .debug_info    0x0000000000007771      0xb89 ./User/system_ch32v30x.o
 .debug_info    0x00000000000082fa       0x22 ./Startup/startup_ch32v30x_D8C.o
 .debug_info    0x000000000000831c      0xa94 ./Peripheral/src/ch32v30x_dbgmcu.o
 .debug_info    0x0000000000008db0     0x11ea ./Peripheral/src/ch32v30x_gpio.o
 .debug_info    0x0000000000009f9a     0x156e ./Peripheral/src/ch32v30x_rcc.o
 .debug_info    0x000000000000b508     0x2a16 ./Peripheral/src/ch32v30x_tim.o
 .debug_info    0x000000000000df1e     0x1420 ./Peripheral/src/ch32v30x_usart.o
 .debug_info    0x000000000000f33e      0xf41 ./Debug/debug.o

.debug_abbrev   0x0000000000000000     0x2601
 .debug_abbrev  0x0000000000000000      0x423 ./User/USB_Device/ch32v30x_usbhs_device.o
 .debug_abbrev  0x0000000000000423      0x1c5 ./User/USB_Device/usb_desc.o
 .debug_abbrev  0x00000000000005e8      0x472 ./User/UART/UART.o
 .debug_abbrev  0x0000000000000a5a      0x280 ./User/ch32v30x_it.o
 .debug_abbrev  0x0000000000000cda      0x2e0 ./User/main.o
 .debug_abbrev  0x0000000000000fba      0x2c0 ./User/system_ch32v30x.o
 .debug_abbrev  0x000000000000127a       0x12 ./Startup/startup_ch32v30x_D8C.o
 .debug_abbrev  0x000000000000128c      0x2f7 ./Peripheral/src/ch32v30x_dbgmcu.o
 .debug_abbrev  0x0000000000001583      0x31a ./Peripheral/src/ch32v30x_gpio.o
 .debug_abbrev  0x000000000000189d      0x351 ./Peripheral/src/ch32v30x_rcc.o
 .debug_abbrev  0x0000000000001bee      0x408 ./Peripheral/src/ch32v30x_tim.o
 .debug_abbrev  0x0000000000001ff6      0x312 ./Peripheral/src/ch32v30x_usart.o
 .debug_abbrev  0x0000000000002308      0x2f9 ./Debug/debug.o

.debug_loc      0x0000000000000000     0x3e52
 .debug_loc     0x0000000000000000      0x403 ./User/USB_Device/ch32v30x_usbhs_device.o
 .debug_loc     0x0000000000000403      0x471 ./User/UART/UART.o
 .debug_loc     0x0000000000000874       0x32 ./User/main.o
 .debug_loc     0x00000000000008a6       0xda ./User/system_ch32v30x.o
 .debug_loc     0x0000000000000980       0x7c ./Peripheral/src/ch32v30x_dbgmcu.o
 .debug_loc     0x00000000000009fc      0x6eb ./Peripheral/src/ch32v30x_gpio.o
 .debug_loc     0x00000000000010e7      0xadb ./Peripheral/src/ch32v30x_rcc.o
 .debug_loc     0x0000000000001bc2     0x195e ./Peripheral/src/ch32v30x_tim.o
 .debug_loc     0x0000000000003520      0x7bb ./Peripheral/src/ch32v30x_usart.o
 .debug_loc     0x0000000000003cdb      0x177 ./Debug/debug.o

.debug_aranges  0x0000000000000000      0x848
 .debug_aranges
                0x0000000000000000       0x50 ./User/USB_Device/ch32v30x_usbhs_device.o
 .debug_aranges
                0x0000000000000050       0x18 ./User/USB_Device/usb_desc.o
 .debug_aranges
                0x0000000000000068       0x78 ./User/UART/UART.o
 .debug_aranges
                0x00000000000000e0       0x30 ./User/ch32v30x_it.o
 .debug_aranges
                0x0000000000000110       0x28 ./User/main.o
 .debug_aranges
                0x0000000000000138       0x28 ./User/system_ch32v30x.o
 .debug_aranges
                0x0000000000000160       0x30 ./Startup/startup_ch32v30x_D8C.o
 .debug_aranges
                0x0000000000000190       0x48 ./Peripheral/src/ch32v30x_dbgmcu.o
 .debug_aranges
                0x00000000000001d8       0xb0 ./Peripheral/src/ch32v30x_gpio.o
 .debug_aranges
                0x0000000000000288      0x1a8 ./Peripheral/src/ch32v30x_rcc.o
 .debug_aranges
                0x0000000000000430      0x2d0 ./Peripheral/src/ch32v30x_tim.o
 .debug_aranges
                0x0000000000000700      0x100 ./Peripheral/src/ch32v30x_usart.o
 .debug_aranges
                0x0000000000000800       0x48 ./Debug/debug.o

.debug_ranges   0x0000000000000000      0x860
 .debug_ranges  0x0000000000000000       0x90 ./User/USB_Device/ch32v30x_usbhs_device.o
 .debug_ranges  0x0000000000000090       0x98 ./User/UART/UART.o
 .debug_ranges  0x0000000000000128       0x20 ./User/ch32v30x_it.o
 .debug_ranges  0x0000000000000148       0x18 ./User/main.o
 .debug_ranges  0x0000000000000160       0x38 ./User/system_ch32v30x.o
 .debug_ranges  0x0000000000000198       0x28 ./Startup/startup_ch32v30x_D8C.o
 .debug_ranges  0x00000000000001c0       0x50 ./Peripheral/src/ch32v30x_dbgmcu.o
 .debug_ranges  0x0000000000000210       0xa0 ./Peripheral/src/ch32v30x_gpio.o
 .debug_ranges  0x00000000000002b0      0x198 ./Peripheral/src/ch32v30x_rcc.o
 .debug_ranges  0x0000000000000448      0x2f0 ./Peripheral/src/ch32v30x_tim.o
 .debug_ranges  0x0000000000000738       0xf0 ./Peripheral/src/ch32v30x_usart.o
 .debug_ranges  0x0000000000000828       0x38 ./Debug/debug.o

.debug_line     0x0000000000000000     0xc2a5
 .debug_line    0x0000000000000000     0x1ca4 ./User/USB_Device/ch32v30x_usbhs_device.o
 .debug_line    0x0000000000001ca4      0x1f1 ./User/USB_Device/usb_desc.o
 .debug_line    0x0000000000001e95     0x1943 ./User/UART/UART.o
 .debug_line    0x00000000000037d8      0x403 ./User/ch32v30x_it.o
 .debug_line    0x0000000000003bdb      0x568 ./User/main.o
 .debug_line    0x0000000000004143      0x733 ./User/system_ch32v30x.o
 .debug_line    0x0000000000004876      0x356 ./Startup/startup_ch32v30x_D8C.o
 .debug_line    0x0000000000004bcc      0x366 ./Peripheral/src/ch32v30x_dbgmcu.o
 .debug_line    0x0000000000004f32     0x104e ./Peripheral/src/ch32v30x_gpio.o
 .debug_line    0x0000000000005f80     0x1969 ./Peripheral/src/ch32v30x_rcc.o
 .debug_line    0x00000000000078e9     0x32d6 ./Peripheral/src/ch32v30x_tim.o
 .debug_line    0x000000000000abbf     0x1007 ./Peripheral/src/ch32v30x_usart.o
 .debug_line    0x000000000000bbc6      0x6df ./Debug/debug.o

.debug_str      0x0000000000000000     0x35c5
 .debug_str     0x0000000000000000     0x1846 ./User/USB_Device/ch32v30x_usbhs_device.o
                                       0x18d2 (size before relaxing)
 .debug_str     0x0000000000001846       0x1e ./User/USB_Device/usb_desc.o
                                        0x637 (size before relaxing)
 .debug_str     0x0000000000001864      0x598 ./User/UART/UART.o
                                       0x1aab (size before relaxing)
 .debug_str     0x0000000000001dfc       0x64 ./User/ch32v30x_it.o
                                        0xace (size before relaxing)
 .debug_str     0x0000000000001e60       0x8f ./User/main.o
                                        0xb40 (size before relaxing)
 .debug_str     0x0000000000001eef       0xf6 ./User/system_ch32v30x.o
                                        0x6c0 (size before relaxing)
 .debug_str     0x0000000000001fe5       0x2e ./Startup/startup_ch32v30x_D8C.o
                                         0x5f (size before relaxing)
 .debug_str     0x0000000000002013       0x87 ./Peripheral/src/ch32v30x_dbgmcu.o
                                        0x639 (size before relaxing)
 .debug_str     0x000000000000209a      0x241 ./Peripheral/src/ch32v30x_gpio.o
                                        0x9a3 (size before relaxing)
 .debug_str     0x00000000000022db      0x531 ./Peripheral/src/ch32v30x_rcc.o
                                        0xcbd (size before relaxing)
 .debug_str     0x000000000000280c      0xa00 ./Peripheral/src/ch32v30x_tim.o
                                       0x126e (size before relaxing)
 .debug_str     0x000000000000320c      0x357 ./Peripheral/src/ch32v30x_usart.o
                                        0xb0a (size before relaxing)
 .debug_str     0x0000000000003563       0x62 ./Debug/debug.o
                                        0x909 (size before relaxing)

.comment        0x0000000000000000       0x33
 .comment       0x0000000000000000       0x33 ./User/USB_Device/ch32v30x_usbhs_device.o
                                         0x34 (size before relaxing)
 .comment       0x0000000000000033       0x34 ./User/USB_Device/usb_desc.o
 .comment       0x0000000000000033       0x34 ./User/UART/UART.o
 .comment       0x0000000000000033       0x34 ./User/ch32v30x_it.o
 .comment       0x0000000000000033       0x34 ./User/main.o
 .comment       0x0000000000000033       0x34 ./User/system_ch32v30x.o
 .comment       0x0000000000000033       0x34 ./Peripheral/src/ch32v30x_dbgmcu.o
 .comment       0x0000000000000033       0x34 ./Peripheral/src/ch32v30x_gpio.o
 .comment       0x0000000000000033       0x34 ./Peripheral/src/ch32v30x_rcc.o
 .comment       0x0000000000000033       0x34 ./Peripheral/src/ch32v30x_tim.o
 .comment       0x0000000000000033       0x34 ./Peripheral/src/ch32v30x_usart.o
 .comment       0x0000000000000033       0x34 ./Debug/debug.o

.debug_frame    0x0000000000000000     0x1a58
 .debug_frame   0x0000000000000000       0xec ./User/USB_Device/ch32v30x_usbhs_device.o
 .debug_frame   0x00000000000000ec      0x194 ./User/UART/UART.o
 .debug_frame   0x0000000000000280       0x40 ./User/ch32v30x_it.o
 .debug_frame   0x00000000000002c0       0x4c ./User/main.o
 .debug_frame   0x000000000000030c       0x3c ./User/system_ch32v30x.o
 .debug_frame   0x0000000000000348       0x70 ./Peripheral/src/ch32v30x_dbgmcu.o
 .debug_frame   0x00000000000003b8      0x174 ./Peripheral/src/ch32v30x_gpio.o
 .debug_frame   0x000000000000052c      0x344 ./Peripheral/src/ch32v30x_rcc.o
 .debug_frame   0x0000000000000870      0x614 ./Peripheral/src/ch32v30x_tim.o
 .debug_frame   0x0000000000000e84      0x204 ./Peripheral/src/ch32v30x_usart.o
 .debug_frame   0x0000000000001088       0x9c ./Debug/debug.o
 .debug_frame   0x0000000000001124       0x20 c:/mounriver/mrs_community/toolchain/risc-v embedded gcc/bin/../lib/gcc/riscv-none-embed/8.2.0/../../../../riscv-none-embed/lib/rv32imac/ilp32\libg_nano.a(lib_a-memcpy.o)
 .debug_frame   0x0000000000001144       0x54 c:/mounriver/mrs_community/toolchain/risc-v embedded gcc/bin/../lib/gcc/riscv-none-embed/8.2.0/../../../../riscv-none-embed/lib/rv32imac/ilp32\libg_nano.a(lib_a-printf.o)
 .debug_frame   0x0000000000001198       0x54 c:/mounriver/mrs_community/toolchain/risc-v embedded gcc/bin/../lib/gcc/riscv-none-embed/8.2.0/../../../../riscv-none-embed/lib/rv32imac/ilp32\libg_nano.a(lib_a-puts.o)
 .debug_frame   0x00000000000011ec       0x50 c:/mounriver/mrs_community/toolchain/risc-v embedded gcc/bin/../lib/gcc/riscv-none-embed/8.2.0/../../../../riscv-none-embed/lib/rv32imac/ilp32\libg_nano.a(lib_a-wbuf.o)
 .debug_frame   0x000000000000123c       0x3c c:/mounriver/mrs_community/toolchain/risc-v embedded gcc/bin/../lib/gcc/riscv-none-embed/8.2.0/../../../../riscv-none-embed/lib/rv32imac/ilp32\libg_nano.a(lib_a-wsetup.o)
 .debug_frame   0x0000000000001278       0x7c c:/mounriver/mrs_community/toolchain/risc-v embedded gcc/bin/../lib/gcc/riscv-none-embed/8.2.0/../../../../riscv-none-embed/lib/rv32imac/ilp32\libg_nano.a(lib_a-fflush.o)
 .debug_frame   0x00000000000012f4      0x148 c:/mounriver/mrs_community/toolchain/risc-v embedded gcc/bin/../lib/gcc/riscv-none-embed/8.2.0/../../../../riscv-none-embed/lib/rv32imac/ilp32\libg_nano.a(lib_a-findfp.o)
 .debug_frame   0x000000000000143c       0x88 c:/mounriver/mrs_community/toolchain/risc-v embedded gcc/bin/../lib/gcc/riscv-none-embed/8.2.0/../../../../riscv-none-embed/lib/rv32imac/ilp32\libg_nano.a(lib_a-fwalk.o)
 .debug_frame   0x00000000000014c4       0x64 c:/mounriver/mrs_community/toolchain/risc-v embedded gcc/bin/../lib/gcc/riscv-none-embed/8.2.0/../../../../riscv-none-embed/lib/rv32imac/ilp32\libg_nano.a(lib_a-makebuf.o)
 .debug_frame   0x0000000000001528       0x40 c:/mounriver/mrs_community/toolchain/risc-v embedded gcc/bin/../lib/gcc/riscv-none-embed/8.2.0/../../../../riscv-none-embed/lib/rv32imac/ilp32\libg_nano.a(lib_a-nano-freer.o)
 .debug_frame   0x0000000000001568       0x40 c:/mounriver/mrs_community/toolchain/risc-v embedded gcc/bin/../lib/gcc/riscv-none-embed/8.2.0/../../../../riscv-none-embed/lib/rv32imac/ilp32\libg_nano.a(lib_a-nano-mallocr.o)
 .debug_frame   0x00000000000015a8       0xd0 c:/mounriver/mrs_community/toolchain/risc-v embedded gcc/bin/../lib/gcc/riscv-none-embed/8.2.0/../../../../riscv-none-embed/lib/rv32imac/ilp32\libg_nano.a(lib_a-nano-vfprintf.o)
 .debug_frame   0x0000000000001678       0x8c c:/mounriver/mrs_community/toolchain/risc-v embedded gcc/bin/../lib/gcc/riscv-none-embed/8.2.0/../../../../riscv-none-embed/lib/rv32imac/ilp32\libg_nano.a(lib_a-nano-vfprintf_i.o)
 .debug_frame   0x0000000000001704       0x30 c:/mounriver/mrs_community/toolchain/risc-v embedded gcc/bin/../lib/gcc/riscv-none-embed/8.2.0/../../../../riscv-none-embed/lib/rv32imac/ilp32\libg_nano.a(lib_a-sbrkr.o)
 .debug_frame   0x0000000000001734       0xa4 c:/mounriver/mrs_community/toolchain/risc-v embedded gcc/bin/../lib/gcc/riscv-none-embed/8.2.0/../../../../riscv-none-embed/lib/rv32imac/ilp32\libg_nano.a(lib_a-stdio.o)
 .debug_frame   0x00000000000017d8       0x30 c:/mounriver/mrs_community/toolchain/risc-v embedded gcc/bin/../lib/gcc/riscv-none-embed/8.2.0/../../../../riscv-none-embed/lib/rv32imac/ilp32\libg_nano.a(lib_a-writer.o)
 .debug_frame   0x0000000000001808       0x30 c:/mounriver/mrs_community/toolchain/risc-v embedded gcc/bin/../lib/gcc/riscv-none-embed/8.2.0/../../../../riscv-none-embed/lib/rv32imac/ilp32\libg_nano.a(lib_a-closer.o)
 .debug_frame   0x0000000000001838       0x30 c:/mounriver/mrs_community/toolchain/risc-v embedded gcc/bin/../lib/gcc/riscv-none-embed/8.2.0/../../../../riscv-none-embed/lib/rv32imac/ilp32\libg_nano.a(lib_a-fstatr.o)
 .debug_frame   0x0000000000001868       0x30 c:/mounriver/mrs_community/toolchain/risc-v embedded gcc/bin/../lib/gcc/riscv-none-embed/8.2.0/../../../../riscv-none-embed/lib/rv32imac/ilp32\libg_nano.a(lib_a-isattyr.o)
 .debug_frame   0x0000000000001898       0x30 c:/mounriver/mrs_community/toolchain/risc-v embedded gcc/bin/../lib/gcc/riscv-none-embed/8.2.0/../../../../riscv-none-embed/lib/rv32imac/ilp32\libg_nano.a(lib_a-lseekr.o)
 .debug_frame   0x00000000000018c8       0x20 c:/mounriver/mrs_community/toolchain/risc-v embedded gcc/bin/../lib/gcc/riscv-none-embed/8.2.0/../../../../riscv-none-embed/lib/rv32imac/ilp32\libg_nano.a(lib_a-memchr.o)
 .debug_frame   0x00000000000018e8       0x30 c:/mounriver/mrs_community/toolchain/risc-v embedded gcc/bin/../lib/gcc/riscv-none-embed/8.2.0/../../../../riscv-none-embed/lib/rv32imac/ilp32\libg_nano.a(lib_a-mlock.o)
 .debug_frame   0x0000000000001918       0x30 c:/mounriver/mrs_community/toolchain/risc-v embedded gcc/bin/../lib/gcc/riscv-none-embed/8.2.0/../../../../riscv-none-embed/lib/rv32imac/ilp32\libg_nano.a(lib_a-readr.o)
 .debug_frame   0x0000000000001948       0x70 c:/mounriver/mrs_community/toolchain/risc-v embedded gcc/bin/../lib/gcc/riscv-none-embed/8.2.0/../../../../riscv-none-embed/lib/rv32imac/ilp32\libg_nano.a(lib_a-reent.o)
 .debug_frame   0x00000000000019b8       0x20 c:/mounriver/mrs_community/toolchain/risc-v embedded gcc/bin/../lib/gcc/riscv-none-embed/8.2.0/../../../../riscv-none-embed/lib/rv32imac/ilp32\libnosys.a(close.o)
 .debug_frame   0x00000000000019d8       0x20 c:/mounriver/mrs_community/toolchain/risc-v embedded gcc/bin/../lib/gcc/riscv-none-embed/8.2.0/../../../../riscv-none-embed/lib/rv32imac/ilp32\libnosys.a(fstat.o)
 .debug_frame   0x00000000000019f8       0x20 c:/mounriver/mrs_community/toolchain/risc-v embedded gcc/bin/../lib/gcc/riscv-none-embed/8.2.0/../../../../riscv-none-embed/lib/rv32imac/ilp32\libnosys.a(isatty.o)
 .debug_frame   0x0000000000001a18       0x20 c:/mounriver/mrs_community/toolchain/risc-v embedded gcc/bin/../lib/gcc/riscv-none-embed/8.2.0/../../../../riscv-none-embed/lib/rv32imac/ilp32\libnosys.a(lseek.o)
 .debug_frame   0x0000000000001a38       0x20 c:/mounriver/mrs_community/toolchain/risc-v embedded gcc/bin/../lib/gcc/riscv-none-embed/8.2.0/../../../../riscv-none-embed/lib/rv32imac/ilp32\libnosys.a(read.o)

.stab           0x0000000000000000       0x84
 .stab          0x0000000000000000       0x24 c:/mounriver/mrs_community/toolchain/risc-v embedded gcc/bin/../lib/gcc/riscv-none-embed/8.2.0/../../../../riscv-none-embed/lib/rv32imac/ilp32\libnosys.a(close.o)
 .stab          0x0000000000000024       0x18 c:/mounriver/mrs_community/toolchain/risc-v embedded gcc/bin/../lib/gcc/riscv-none-embed/8.2.0/../../../../riscv-none-embed/lib/rv32imac/ilp32\libnosys.a(fstat.o)
                                         0x24 (size before relaxing)
 .stab          0x000000000000003c       0x18 c:/mounriver/mrs_community/toolchain/risc-v embedded gcc/bin/../lib/gcc/riscv-none-embed/8.2.0/../../../../riscv-none-embed/lib/rv32imac/ilp32\libnosys.a(isatty.o)
                                         0x24 (size before relaxing)
 .stab          0x0000000000000054       0x18 c:/mounriver/mrs_community/toolchain/risc-v embedded gcc/bin/../lib/gcc/riscv-none-embed/8.2.0/../../../../riscv-none-embed/lib/rv32imac/ilp32\libnosys.a(lseek.o)
                                         0x24 (size before relaxing)
 .stab          0x000000000000006c       0x18 c:/mounriver/mrs_community/toolchain/risc-v embedded gcc/bin/../lib/gcc/riscv-none-embed/8.2.0/../../../../riscv-none-embed/lib/rv32imac/ilp32\libnosys.a(read.o)
                                         0x24 (size before relaxing)

.stabstr        0x0000000000000000      0x117
 .stabstr       0x0000000000000000      0x117 c:/mounriver/mrs_community/toolchain/risc-v embedded gcc/bin/../lib/gcc/riscv-none-embed/8.2.0/../../../../riscv-none-embed/lib/rv32imac/ilp32\libnosys.a(close.o)
